projects/amazon-trend-analyzer/qb_chunks/page_201_skip201000.csv
ASIN Buyability Flag,asin_status,CVR%,revenue,asp,units,gv,Images #,Videos #,Has A+ Content,Buybox Winner,Average Rating,Number of Ratings,bb_price,Ad CTR%,Ad CVR%,bsr,brand,Ad CPC$,ASIN (Description),Update Type,Sold By Amazon,Has Coupon?,Has Store Link?,In Stock Today?,category,Sellable On Hand Units,asin,date,Ad Cost,Ad Sales,Ad Clicks,Ad Impressions,Ad Conversions
In Stock,FD,0.214,95.0,10.55,9.0,42.0,6.0,0.0,True,,4.3,462.0,10.55,,,201.0,Burt's Bees,,B09B12WVT6 (Burt's Bees Calming Hemp Spray for Dogs 10oz),[],True,True,True,True,Grooming,794.0,B09B12WVT6,2025-11-03,,,,,
In Stock,FD,0.245,137.0,10.55,13.0,53.0,6.0,0.0,True,,4.3,462.0,10.55,,,219.0,Burt's Bees,,B09B12WVT6 (Burt's Bees Calming Hemp Spray for Dogs 10oz),[],True,True,True,True,Grooming,786.0,B09B12WVT6,2025-11-02,,,,,
In Stock,FD,0.267,127.0,10.55,12.0,45.0,6.0,0.0,True,,4.3,462.0,10.55,,,215.0,Burt's Bees,,B09B12WVT6 (Burt's Bees Calming Hemp Spray for Dogs 10oz),[],True,True,True,True,Grooming,767.0,B09B12WVT6,2025-11-01,,,,,
In Stock,FD,0.163,74.0,10.55,7.0,43.0,6.0,0.0,True,,4.3,462.0,10.55,,,232.0,Burt's Bees,,B09B12WVT6 (Burt's Bees Calming Hemp Spray for Dogs 10oz),[],True,True,True,True,Grooming,781.0,B09B12WVT6,2025-10-31,,,,,
In Stock,FD,0.164,106.0,10.55,10.0,61.0,6.0,0.0,True,,4.3,462.0,10.55,,,211.0,Burt's Bees,,B09B12WVT6 (Burt's Bees Calming Hemp Spray for Dogs 10oz),[],True,False,True,True,Grooming,778.0,B09B12WVT6,2025-10-30,,,,,
In Stock,FD,0.125,53.0,10.55,5.0,40.0,6.0,0.0,True,,4.3,462.0,10.55,,,231.0,Burt's Bees,,B09B12WVT6 (Burt's Bees Calming Hemp Spray for Dogs 10oz),[],True,True,True,True,Grooming,763.0,B09B12WVT6,2025-10-29,,,,,
In Stock,FD,0.25,74.0,10.55,7.0,28.0,6.0,0.0,True,,4.3,462.0,8.79,,,212.0,Burt's Bees,,B09B12WVT6 (Burt's Bees Calming Hemp Spray for Dogs 10oz),[],True,False,True,True,Grooming,756.0,B09B12WVT6,2025-10-28,,,,,
In Stock,FD,0.235,70.0,8.79,8.0,34.0,6.0,0.0,True,,4.3,462.0,8.79,,,187.0,Burt's Bees,,B09B12WVT6 (Burt's Bees Calming Hemp Spray for Dogs 10oz),[],True,False,True,True,Grooming,747.0,B09B12WVT6,2025-10-27,,,,,
In Stock,FD,0.105,35.0,8.79,4.0,38.0,6.0,0.0,True,,4.3,462.0,8.79,,,188.0,Burt's Bees,,B09B12WVT6 (Burt's Bees Calming Hemp Spray for Dogs 10oz),[],True,False,True,True,Grooming,714.0,B09B12WVT6,2025-10-26,,,,,
In Stock,FD,0.175,88.0,8.79,10.0,57.0,6.0,0.0,True,,4.3,460.0,8.79,,,189.0,Burt's Bees,,B09B12WVT6 (Burt's Bees Calming Hemp Spray for Dogs 10oz),[],True,False,True,True,Grooming,740.0,B09B12WVT6,2025-10-25,,,,,
In Stock,FD,0.267,105.0,8.79,12.0,45.0,6.0,0.0,True,,4.3,458.0,8.79,,,161.0,Burt's Bees,,B09B12WVT6 (Burt's Bees Calming Hemp Spray for Dogs 10oz),[],True,False,True,True,Grooming,779.0,B09B12WVT6,2025-10-24,,,,,
In Stock,FD,0.242,70.0,8.79,8.0,33.0,6.0,0.0,True,,4.3,458.0,8.79,,,196.0,Burt's Bees,,B09B12WVT6 (Burt's Bees Calming Hemp Spray for Dogs 10oz),[],True,True,True,True,Grooming,765.0,B09B12WVT6,2025-10-23,,,,,
In Stock,FD,0.231,132.0,8.79,15.0,65.0,6.0,0.0,True,,4.3,458.0,8.79,,,169.0,Burt's Bees,,B09B12WVT6 (Burt's Bees Calming Hemp Spray for Dogs 10oz),[],True,True,True,True,Grooming,742.0,B09B12WVT6,2025-10-22,,,,,
In Stock,FD,0.197,105.0,8.79,12.0,61.0,6.0,0.0,True,,4.3,458.0,8.79,,,169.0,Burt's Bees,,B09B12WVT6 (Burt's Bees Calming Hemp Spray for Dogs 10oz),[],True,True,True,True,Grooming,724.0,B09B12WVT6,2025-10-21,,,,,
In Stock,FD,0.129,70.0,8.79,8.0,62.0,6.0,0.0,True,,4.3,458.0,8.79,,,169.0,Burt's Bees,,B09B12WVT6 (Burt's Bees Calming Hemp Spray for Dogs 10oz),[],True,True,True,True,Grooming,724.0,B09B12WVT6,2025-10-20,,,,,
In Stock,FD,0.116,44.0,8.79,5.0,43.0,6.0,0.0,True,,4.3,457.0,8.79,,,169.0,Burt's Bees,,B09B12WVT6 (Burt's Bees Calming Hemp Spray for Dogs 10oz),[],True,True,True,True,Grooming,713.0,B09B12WVT6,2025-10-19,,,,,
In Stock,FD,0.172,88.0,8.79,10.0,58.0,6.0,0.0,True,,4.3,457.0,8.79,,,168.0,Burt's Bees,,B09B12WVT6 (Burt's Bees Calming Hemp Spray for Dogs 10oz),[],True,True,True,True,Grooming,714.0,B09B12WVT6,2025-10-18,,,,,
In Stock,FD,0.31,114.0,8.79,13.0,42.0,6.0,0.0,True,,4.3,456.0,8.79,,,145.0,Burt's Bees,,B09B12WVT6 (Burt's Bees Calming Hemp Spray for Dogs 10oz),[],True,True,True,True,Grooming,726.0,B09B12WVT6,2025-10-17,,,,,
In Stock,FD,0.25,97.0,8.79,11.0,44.0,6.0,0.0,True,,4.3,456.0,8.79,,,156.0,Burt's Bees,,B09B12WVT6 (Burt's Bees Calming Hemp Spray for Dogs 10oz),[],True,True,True,True,Grooming,733.0,B09B12WVT6,2025-10-16,,,,,
In Stock,FD,0.328,176.0,8.79,20.0,61.0,6.0,0.0,True,,4.3,455.0,8.79,,,144.0,Burt's Bees,,B09B12WVT6 (Burt's Bees Calming Hemp Spray for Dogs 10oz),[],True,True,True,True,Grooming,757.0,B09B12WVT6,2025-10-15,,,,,
In Stock,FD,0.192,88.0,8.79,10.0,52.0,6.0,0.0,True,,4.3,455.0,8.79,,,162.0,Burt's Bees,,B09B12WVT6 (Burt's Bees Calming Hemp Spray for Dogs 10oz),[],True,True,True,True,Grooming,757.0,B09B12WVT6,2025-10-14,,,,,
In Stock,FD,0.317,167.0,8.79,19.0,60.0,6.0,0.0,True,,4.3,455.0,8.79,,,151.0,Burt's Bees,,B09B12WVT6 (Burt's Bees Calming Hemp Spray for Dogs 10oz),[],True,True,True,True,Grooming,752.0,B09B12WVT6,2025-10-13,,,,,
In Stock,FD,0.235,105.0,8.79,12.0,51.0,6.0,0.0,True,,4.3,455.0,8.79,,,184.0,Burt's Bees,,B09B12WVT6 (Burt's Bees Calming Hemp Spray for Dogs 10oz),[],True,True,True,True,Grooming,767.0,B09B12WVT6,2025-10-12,,,,,
In Stock,FD,0.4,176.0,8.79,20.0,50.0,6.0,0.0,True,,4.3,455.0,8.79,,,168.0,Burt's Bees,,B09B12WVT6 (Burt's Bees Calming Hemp Spray for Dogs 10oz),[],True,True,True,True,Grooming,774.0,B09B12WVT6,2025-10-11,,,,,
In Stock,FD,0.148,70.0,8.79,8.0,54.0,6.0,0.0,True,,4.3,455.0,8.79,,,169.0,Burt's Bees,,B09B12WVT6 (Burt's Bees Calming Hemp Spray for Dogs 10oz),[],True,True,True,True,Grooming,784.0,B09B12WVT6,2025-10-10,,,,,
In Stock,FD,0.226,123.0,8.79,14.0,62.0,6.0,0.0,True,,4.3,455.0,8.79,,,164.0,Burt's Bees,,B09B12WVT6 (Burt's Bees Calming Hemp Spray for Dogs 10oz),[],True,True,True,True,Grooming,800.0,B09B12WVT6,2025-10-09,,,,,
In Stock,FD,0.194,167.0,8.79,19.0,98.0,6.0,0.0,True,,4.3,455.0,8.79,,,147.0,Burt's Bees,,B09B12WVT6 (Burt's Bees Calming Hemp Spray for Dogs 10oz),[],True,True,True,True,Grooming,790.0,B09B12WVT6,2025-10-08,,,,,
In Stock,FD,0.269,158.0,8.79,18.0,67.0,6.0,0.0,True,,4.3,455.0,8.79,,,146.0,Burt's Bees,,B09B12WVT6 (Burt's Bees Calming Hemp Spray for Dogs 10oz),[],True,True,True,True,Grooming,797.0,B09B12WVT6,2025-10-07,,,,,
In Stock,FD,0.311,167.0,8.79,19.0,61.0,6.0,0.0,True,,4.3,455.0,8.79,,,146.0,Burt's Bees,,B09B12WVT6 (Burt's Bees Calming Hemp Spray for Dogs 10oz),[],True,True,True,True,Grooming,816.0,B09B12WVT6,2025-10-06,,,,,
In Stock,FD,0.219,141.0,8.83,16.0,73.0,6.0,0.0,True,,4.3,454.0,8.79,,,150.0,Burt's Bees,,B09B12WVT6 (Burt's Bees Calming Hemp Spray for Dogs 10oz),[],True,True,True,True,Grooming,826.0,B09B12WVT6,2025-10-05,,,,,
In Stock,FD,0.257,158.0,8.75,18.0,70.0,6.0,0.0,True,,4.3,454.0,8.1,,,158.0,Burt's Bees,,B09B12WVT6 (Burt's Bees Calming Hemp Spray for Dogs 10oz),[],True,True,True,True,Grooming,840.0,B09B12WVT6,2025-10-04,,,,,
In Stock,FD,0.327,138.0,8.1,17.0,52.0,6.0,0.0,True,,4.3,452.0,8.1,,,160.0,Burt's Bees,,B09B12WVT6 (Burt's Bees Calming Hemp Spray for Dogs 10oz),[],True,False,True,True,Grooming,852.0,B09B12WVT6,2025-10-03,,,,,
In Stock,FD,0.286,146.0,8.1,18.0,63.0,6.0,0.0,True,,4.3,452.0,8.1,,,180.0,Burt's Bees,,B09B12WVT6 (Burt's Bees Calming Hemp Spray for Dogs 10oz),[],True,False,True,True,Grooming,868.0,B09B12WVT6,2025-10-02,,,,,
In Stock,FD,0.25,162.0,8.1,20.0,80.0,6.0,0.0,True,,4.3,452.0,8.1,,,155.0,Burt's Bees,,B09B12WVT6 (Burt's Bees Calming Hemp Spray for Dogs 10oz),[],True,False,True,True,Grooming,901.0,B09B12WVT6,2025-10-01,,,,,
In Stock,FD,0.375,170.0,8.1,21.0,56.0,6.0,0.0,True,,4.3,452.0,8.1,,,168.0,Burt's Bees,,B09B12WVT6 (Burt's Bees Calming Hemp Spray for Dogs 10oz),[],True,False,True,True,Grooming,901.0,B09B12WVT6,2025-09-30,,,,,
In Stock,FD,0.242,122.0,8.1,15.0,62.0,6.0,0.0,True,,4.3,451.0,8.1,,,152.0,Burt's Bees,,B09B12WVT6 (Burt's Bees Calming Hemp Spray for Dogs 10oz),[],True,False,True,True,Grooming,927.0,B09B12WVT6,2025-09-29,,,,,
In Stock,FD,0.221,154.0,8.1,19.0,86.0,6.0,0.0,True,,4.3,451.0,8.1,,,160.0,Burt's Bees,,B09B12WVT6 (Burt's Bees Calming Hemp Spray for Dogs 10oz),[],True,False,True,True,Grooming,945.0,B09B12WVT6,2025-09-28,,,,,
In Stock,FD,0.284,154.0,8.1,19.0,67.0,6.0,0.0,True,,4.3,451.0,8.1,,,165.0,Burt's Bees,,B09B12WVT6 (Burt's Bees Calming Hemp Spray for Dogs 10oz),[],True,False,True,True,Grooming,960.0,B09B12WVT6,2025-09-27,,,,,
In Stock,FD,0.247,154.0,8.1,19.0,77.0,6.0,0.0,True,,4.3,451.0,8.1,,,167.0,Burt's Bees,,B09B12WVT6 (Burt's Bees Calming Hemp Spray for Dogs 10oz),[],True,False,True,True,Grooming,978.0,B09B12WVT6,2025-09-26,,,,,
In Stock,FD,0.277,146.0,8.1,18.0,65.0,6.0,0.0,True,,4.3,451.0,8.1,,,169.0,Burt's Bees,,B09B12WVT6 (Burt's Bees Calming Hemp Spray for Dogs 10oz),[],True,False,True,True,Grooming,997.0,B09B12WVT6,2025-09-25,,,,,
In Stock,FD,0.203,105.0,8.1,13.0,64.0,6.0,0.0,True,,4.3,451.0,8.1,,,170.0,Burt's Bees,,B09B12WVT6 (Burt's Bees Calming Hemp Spray for Dogs 10oz),[],True,False,True,True,Grooming,1013.0,B09B12WVT6,2025-09-24,,,,,
In Stock,FD,0.186,105.0,8.1,13.0,70.0,6.0,0.0,True,,4.3,451.0,8.1,,,170.0,Burt's Bees,,B09B12WVT6 (Burt's Bees Calming Hemp Spray for Dogs 10oz),[],True,False,True,True,Grooming,1026.0,B09B12WVT6,2025-09-23,,,,,
In Stock,FD,0.193,130.0,8.1,16.0,83.0,6.0,0.0,True,,4.3,451.0,8.1,,,194.0,Burt's Bees,,B09B12WVT6 (Burt's Bees Calming Hemp Spray for Dogs 10oz),[],True,False,True,True,Grooming,1041.0,B09B12WVT6,2025-09-22,,,,,
In Stock,FD,0.238,162.0,8.1,20.0,84.0,6.0,0.0,True,,4.3,451.0,8.1,,,193.0,Burt's Bees,,B09B12WVT6 (Burt's Bees Calming Hemp Spray for Dogs 10oz),[],True,False,True,True,Grooming,1073.0,B09B12WVT6,2025-09-21,,,,,
In Stock,FD,0.2,122.0,8.1,15.0,75.0,6.0,0.0,True,,4.3,450.0,8.1,,,208.0,Burt's Bees,,B09B12WVT6 (Burt's Bees Calming Hemp Spray for Dogs 10oz),[],True,False,True,True,Grooming,1090.0,B09B12WVT6,2025-09-20,,,,,
In Stock,FD,0.122,81.0,8.1,10.0,82.0,6.0,0.0,True,,4.3,449.0,8.1,,,191.0,Burt's Bees,,B09B12WVT6 (Burt's Bees Calming Hemp Spray for Dogs 10oz),[],True,False,True,True,Grooming,1101.0,B09B12WVT6,2025-09-19,,,,,
In Stock,FD,0.121,57.0,8.1,7.0,58.0,6.0,0.0,True,,4.3,449.0,8.1,,,188.0,Burt's Bees,,B09B12WVT6 (Burt's Bees Calming Hemp Spray for Dogs 10oz),[],True,False,True,True,Grooming,1110.0,B09B12WVT6,2025-09-18,,,,,
In Stock,FD,0.228,105.0,8.1,13.0,57.0,6.0,0.0,True,,4.3,449.0,8.1,,,195.0,Burt's Bees,,B09B12WVT6 (Burt's Bees Calming Hemp Spray for Dogs 10oz),[],True,False,True,True,Grooming,1119.0,B09B12WVT6,2025-09-17,,,,,
In Stock,FD,0.18,86.0,7.84,11.0,61.0,6.0,0.0,True,,4.3,449.0,8.1,,,178.0,Burt's Bees,,B09B12WVT6 (Burt's Bees Calming Hemp Spray for Dogs 10oz),[],True,False,True,True,Grooming,1135.0,B09B12WVT6,2025-09-16,,,,,
In Stock,FD,0.189,81.0,8.1,10.0,53.0,6.0,0.0,True,,4.3,449.0,10.97,,,178.0,Burt's Bees,,B09B12WVT6 (Burt's Bees Calming Hemp Spray for Dogs 10oz),[],True,False,True,True,Grooming,1147.0,B09B12WVT6,2025-09-15,,,,,
In Stock,FD,0.296,176.0,10.97,16.0,54.0,6.0,0.0,True,,4.3,447.0,10.97,,,186.0,Burt's Bees,,B09B12WVT6 (Burt's Bees Calming Hemp Spray for Dogs 10oz),[],True,False,True,True,Grooming,1160.0,B09B12WVT6,2025-09-14,,,,,
In Stock,FD,0.266,186.0,10.97,17.0,64.0,6.0,0.0,True,,4.3,446.0,10.97,,,199.0,Burt's Bees,,B09B12WVT6 (Burt's Bees Calming Hemp Spray for Dogs 10oz),[],True,False,True,True,Grooming,1178.0,B09B12WVT6,2025-09-13,,,,,
In Stock,FD,0.193,121.0,10.97,11.0,57.0,6.0,0.0,True,,4.3,445.0,10.97,,,176.0,Burt's Bees,,B09B12WVT6 (Burt's Bees Calming Hemp Spray for Dogs 10oz),[],True,False,True,True,Grooming,1197.0,B09B12WVT6,2025-09-12,,,,,
In Stock,FD,0.214,99.0,10.97,9.0,42.0,6.0,0.0,True,,4.3,445.0,10.97,,,187.0,Burt's Bees,,B09B12WVT6 (Burt's Bees Calming Hemp Spray for Dogs 10oz),[],True,False,True,True,Grooming,1203.0,B09B12WVT6,2025-09-11,,,,,
In Stock,FD,0.245,143.0,10.97,13.0,53.0,6.0,0.0,True,,4.3,445.0,10.97,,,193.0,Burt's Bees,,B09B12WVT6 (Burt's Bees Calming Hemp Spray for Dogs 10oz),[],True,False,True,True,Grooming,1204.0,B09B12WVT6,2025-09-10,,,,,
In Stock,FD,0.429,263.0,10.97,24.0,56.0,6.0,0.0,True,,4.3,445.0,10.97,,,196.0,Burt's Bees,,B09B12WVT6 (Burt's Bees Calming Hemp Spray for Dogs 10oz),[],True,False,True,True,Grooming,1225.0,B09B12WVT6,2025-09-09,,,,,
In Stock,FD,0.16,132.0,10.97,12.0,75.0,6.0,0.0,True,,4.3,445.0,10.97,,,197.0,Burt's Bees,,B09B12WVT6 (Burt's Bees Calming Hemp Spray for Dogs 10oz),[],True,False,True,True,Grooming,1242.0,B09B12WVT6,2025-09-08,,,,,
In Stock,FD,0.185,110.0,10.97,10.0,54.0,6.0,0.0,True,,4.3,445.0,10.97,,,191.0,Burt's Bees,,B09B12WVT6 (Burt's Bees Calming Hemp Spray for Dogs 10oz),[],True,False,True,True,Grooming,1253.0,B09B12WVT6,2025-09-07,,,,,
In Stock,FD,0.143,110.0,10.97,10.0,70.0,6.0,0.0,True,,4.3,445.0,10.97,,,214.0,Burt's Bees,,B09B12WVT6 (Burt's Bees Calming Hemp Spray for Dogs 10oz),[],True,False,True,True,Grooming,1267.0,B09B12WVT6,2025-09-06,,,,,
In Stock,FD,0.197,132.0,10.97,12.0,61.0,6.0,0.0,True,,4.3,445.0,10.97,,,222.0,Burt's Bees,,B09B12WVT6 (Burt's Bees Calming Hemp Spray for Dogs 10oz),[],True,False,True,True,Grooming,1279.0,B09B12WVT6,2025-09-05,,,,,
In Stock,FD,0.238,111.0,11.11,10.0,42.0,6.0,0.0,True,,4.3,445.0,10.97,,,202.0,Burt's Bees,,B09B12WVT6 (Burt's Bees Calming Hemp Spray for Dogs 10oz),[],True,False,True,True,Grooming,1288.0,B09B12WVT6,2025-09-04,,,,,
In Stock,FD,0.151,84.0,10.46,8.0,53.0,6.0,0.0,True,,4.3,445.0,9.62,,,199.0,Burt's Bees,,B09B12WVT6 (Burt's Bees Calming Hemp Spray for Dogs 10oz),[],True,False,True,True,Grooming,1297.0,B09B12WVT6,2025-09-03,,,,,
In Stock,FD,0.169,96.0,9.62,10.0,59.0,6.0,0.0,True,,4.3,445.0,9.62,,,183.0,Burt's Bees,,B09B12WVT6 (Burt's Bees Calming Hemp Spray for Dogs 10oz),[],True,False,True,True,Grooming,1302.0,B09B12WVT6,2025-09-02,,,,,
In Stock,FD,0.158,87.0,9.62,9.0,57.0,6.0,0.0,True,,4.3,445.0,9.62,,,190.0,Burt's Bees,,B09B12WVT6 (Burt's Bees Calming Hemp Spray for Dogs 10oz),[],True,False,True,True,Grooming,1311.0,B09B12WVT6,2025-09-01,,,,,
In Stock,FD,0.227,144.0,9.62,15.0,66.0,6.0,0.0,True,,4.3,445.0,9.62,,,170.0,Burt's Bees,,B09B12WVT6 (Burt's Bees Calming Hemp Spray for Dogs 10oz),[],True,False,True,True,Grooming,1323.0,B09B12WVT6,2025-08-31,,,,,
In Stock,FD,0.167,77.0,9.62,8.0,48.0,6.0,0.0,True,,4.3,445.0,9.62,,,188.0,Burt's Bees,,B09B12WVT6 (Burt's Bees Calming Hemp Spray for Dogs 10oz),[],True,False,True,True,Grooming,1338.0,B09B12WVT6,2025-08-30,,,,,
In Stock,FD,0.333,144.0,9.62,15.0,45.0,6.0,0.0,True,,4.3,445.0,9.62,,,193.0,Burt's Bees,,B09B12WVT6 (Burt's Bees Calming Hemp Spray for Dogs 10oz),[],True,True,True,True,Grooming,1348.0,B09B12WVT6,2025-08-29,,,,,
In Stock,FD,0.228,125.0,9.62,13.0,57.0,6.0,0.0,True,,4.3,445.0,9.62,,,163.0,Burt's Bees,,B09B12WVT6 (Burt's Bees Calming Hemp Spray for Dogs 10oz),[],True,True,True,True,Grooming,1365.0,B09B12WVT6,2025-08-28,,,,,
In Stock,FD,0.2,87.0,9.62,9.0,45.0,6.0,0.0,True,,4.3,445.0,9.62,,,185.0,Burt's Bees,,B09B12WVT6 (Burt's Bees Calming Hemp Spray for Dogs 10oz),[],True,True,True,True,Grooming,1374.0,B09B12WVT6,2025-08-27,,,,,
In Stock,FD,0.375,173.0,9.62,18.0,48.0,6.0,0.0,True,,4.3,444.0,9.62,,,189.0,Burt's Bees,,B09B12WVT6 (Burt's Bees Calming Hemp Spray for Dogs 10oz),[],True,True,True,True,Grooming,1386.0,B09B12WVT6,2025-08-26,,,,,
In Stock,FD,0.217,125.0,9.62,13.0,60.0,6.0,0.0,True,,4.3,444.0,9.62,,,192.0,Burt's Bees,,B09B12WVT6 (Burt's Bees Calming Hemp Spray for Dogs 10oz),[],True,True,True,True,Grooming,1404.0,B09B12WVT6,2025-08-25,,,,,
In Stock,FD,0.232,152.0,9.52,16.0,69.0,6.0,0.0,True,,4.3,444.0,9.62,,,241.0,Burt's Bees,,B09B12WVT6 (Burt's Bees Calming Hemp Spray for Dogs 10oz),[],True,True,True,True,Grooming,1410.0,B09B12WVT6,2025-08-24,,,,,
In Stock,FD,0.344,202.0,9.62,21.0,61.0,6.0,0.0,True,,4.3,442.0,9.62,,,199.0,Burt's Bees,,B09B12WVT6 (Burt's Bees Calming Hemp Spray for Dogs 10oz),[],True,True,True,True,Grooming,1422.0,B09B12WVT6,2025-08-23,,,,,
In Stock,FD,0.192,48.0,9.62,5.0,26.0,6.0,0.0,True,,4.3,441.0,9.62,,,232.0,Burt's Bees,,B09B12WVT6 (Burt's Bees Calming Hemp Spray for Dogs 10oz),[],True,True,True,True,Grooming,1442.0,B09B12WVT6,2025-08-22,,,,,
In Stock,FD,0.271,125.0,9.62,13.0,48.0,6.0,0.0,True,,4.3,441.0,9.62,,,234.0,Burt's Bees,,B09B12WVT6 (Burt's Bees Calming Hemp Spray for Dogs 10oz),[],True,True,True,True,Grooming,1173.0,B09B12WVT6,2025-08-21,,,,,
In Stock,FD,0.211,75.0,9.38,8.0,38.0,6.0,0.0,True,,4.3,441.0,8.99,,,209.0,Burt's Bees,,B09B12WVT6 (Burt's Bees Calming Hemp Spray for Dogs 10oz),[],True,True,True,True,Grooming,1170.0,B09B12WVT6,2025-08-20,,,,,
In Stock,FD,0.2,65.0,8.15,8.0,40.0,6.0,0.0,True,,4.3,440.0,8.03,,,257.0,Burt's Bees,,B09B12WVT6 (Burt's Bees Calming Hemp Spray for Dogs 10oz),[],True,True,True,True,Grooming,1166.0,B09B12WVT6,2025-08-19,,,,,
In Stock,FD,0.283,120.0,8.03,15.0,53.0,6.0,0.0,True,,4.3,440.0,8.03,,,287.0,Burt's Bees,,B09B12WVT6 (Burt's Bees Calming Hemp Spray for Dogs 10oz),[],True,True,True,True,Grooming,1084.0,B09B12WVT6,2025-08-18,,,,,
In Stock,FD,0.2,64.0,8.03,8.0,40.0,6.0,0.0,True,,4.3,440.0,8.03,,,278.0,Burt's Bees,,B09B12WVT6 (Burt's Bees Calming Hemp Spray for Dogs 10oz),[],True,True,True,True,Grooming,1076.0,B09B12WVT6,2025-08-17,,,,,
In Stock,FD,0.15,48.0,8.03,6.0,40.0,6.0,0.0,True,,4.3,438.0,8.03,,,287.0,Burt's Bees,,B09B12WVT6 (Burt's Bees Calming Hemp Spray for Dogs 10oz),[],True,True,True,True,Grooming,1072.0,B09B12WVT6,2025-08-16,,,,,
In Stock,FD,0.211,64.0,8.03,8.0,38.0,6.0,0.0,True,,4.3,438.0,8.03,,,260.0,Burt's Bees,,B09B12WVT6 (Burt's Bees Calming Hemp Spray for Dogs 10oz),[],True,True,True,True,Grooming,1049.0,B09B12WVT6,2025-08-15,,,,,
In Stock,FD,0.152,40.0,8.03,5.0,33.0,6.0,0.0,True,,4.3,437.0,8.03,,,286.0,Burt's Bees,,B09B12WVT6 (Burt's Bees Calming Hemp Spray for Dogs 10oz),[],True,True,True,True,Grooming,1058.0,B09B12WVT6,2025-08-14,,,,,
In Stock,FD,0.29,72.0,8.03,9.0,31.0,8.0,0.0,True,,4.3,436.0,8.03,,,354.0,Burt's Bees,,B09B12WVT6 (Burt's Bees Calming Hemp Spray for Dogs 10oz),[],True,True,True,True,Grooming,1061.0,B09B12WVT6,2025-08-13,,,,,
In Stock,FD,0.25,80.0,8.03,10.0,40.0,8.0,0.0,True,,4.3,436.0,8.03,,,346.0,Burt's Bees,,B09B12WVT6 (Burt's Bees Calming Hemp Spray for Dogs 10oz),[],True,True,True,True,Grooming,1107.0,B09B12WVT6,2025-08-12,,,,,
In Stock,FD,0.125,24.0,8.03,3.0,24.0,8.0,0.0,True,,4.3,436.0,8.03,,,451.0,Burt's Bees,,B09B12WVT6 (Burt's Bees Calming Hemp Spray for Dogs 10oz),[],True,True,True,True,Grooming,1518.0,B09B12WVT6,2025-08-11,,,,,
In Stock,FD,0.469,120.0,8.03,15.0,32.0,8.0,0.0,True,,4.3,437.0,8.03,,,519.0,Burt's Bees,,B09B12WVT6 (Burt's Bees Calming Hemp Spray for Dogs 10oz),[],True,True,True,True,Grooming,1501.0,B09B12WVT6,2025-08-10,,,,,
